// Jest Snapshot v1, https://goo.gl/fbAQLP

exports[`<Button /> should render large button by default 1`] = `
.c0 {
  color: #FAFAFA;
  background: linear-gradient( 178.59deg,#ff5f5f -14.51%,#f062c0 102.86%,#f23131 102.86% );
  cursor: pointer;
  border-radius: 0.4rem;
  border: 0;
  padding: 0.8rem;
  height: 5rem;
  font-size: 1.6rem;
  padding: 0.8rem 4.8rem;
}

<button
  class="c0"
>
  <span>
    Button
  </span>
</button>
`
